Archive member included to satisfy reference by file (symbol)

C:/ST/STM32CubeIDE_1.19.0/STM32CubeIDE/plugins/com.st.stm32cube.ide.mcu.externaltools.gnu-tools-for-stm32.13.3.rel1.win32_1.0.0.202411081344/tools/bin/../lib/gcc/arm-none-eabi/13.3.1/../../../../arm-none-eabi/lib/thumb/v7-m/nofp\libc_nano.a(libc_a-exit.o)
                              C:/ST/STM32CubeIDE_1.19.0/STM32CubeIDE/plugins/com.st.stm32cube.ide.mcu.externaltools.gnu-tools-for-stm32.13.3.rel1.win32_1.0.0.202411081344/tools/bin/../lib/gcc/arm-none-eabi/13.3.1/../../../../arm-none-eabi/lib/thumb/v7-m/nofp/crt0.o (exit)
C:/ST/STM32CubeIDE_1.19.0/STM32CubeIDE/plugins/com.st.stm32cube.ide.mcu.externaltools.gnu-tools-for-stm32.13.3.rel1.win32_1.0.0.202411081344/tools/bin/../lib/gcc/arm-none-eabi/13.3.1/../../../../arm-none-eabi/lib/thumb/v7-m/nofp\libc_nano.a(libc_a-findfp.o)
                              C:/ST/STM32CubeIDE_1.19.0/STM32CubeIDE/plugins/com.st.stm32cube.ide.mcu.externaltools.gnu-tools-for-stm32.13.3.rel1.win32_1.0.0.202411081344/tools/bin/../lib/gcc/arm-none-eabi/13.3.1/../../../../arm-none-eabi/lib/thumb/v7-m/nofp\libc_nano.a(libc_a-exit.o) (__stdio_exit_handler)
C:/ST/STM32CubeIDE_1.19.0/STM32CubeIDE/plugins/com.st.stm32cube.ide.mcu.externaltools.gnu-tools-for-stm32.13.3.rel1.win32_1.0.0.202411081344/tools/bin/../lib/gcc/arm-none-eabi/13.3.1/../../../../arm-none-eabi/lib/thumb/v7-m/nofp\libc_nano.a(libc_a-fwalk.o)
                              C:/ST/STM32CubeIDE_1.19.0/STM32CubeIDE/plugins/com.st.stm32cube.ide.mcu.externaltools.gnu-tools-for-stm32.13.3.rel1.win32_1.0.0.202411081344/tools/bin/../lib/gcc/arm-none-eabi/13.3.1/../../../../arm-none-eabi/lib/thumb/v7-m/nofp\libc_nano.a(libc_a-findfp.o) (_fwalk_sglue)
C:/ST/STM32CubeIDE_1.19.0/STM32CubeIDE/plugins/com.st.stm32cube.ide.mcu.externaltools.gnu-tools-for-stm32.13.3.rel1.win32_1.0.0.202411081344/tools/bin/../lib/gcc/arm-none-eabi/13.3.1/../../../../arm-none-eabi/lib/thumb/v7-m/nofp\libc_nano.a(libc_a-stdio.o)
                              C:/ST/STM32CubeIDE_1.19.0/STM32CubeIDE/plugins/com.st.stm32cube.ide.mcu.externaltools.gnu-tools-for-stm32.13.3.rel1.win32_1.0.0.202411081344/tools/bin/../lib/gcc/arm-none-eabi/13.3.1/../../../../arm-none-eabi/lib/thumb/v7-m/nofp\libc_nano.a(libc_a-findfp.o) (__sread)
C:/ST/STM32CubeIDE_1.19.0/STM32CubeIDE/plugins/com.st.stm32cube.ide.mcu.externaltools.gnu-tools-for-stm32.13.3.rel1.win32_1.0.0.202411081344/tools/bin/../lib/gcc/arm-none-eabi/13.3.1/../../../../arm-none-eabi/lib/thumb/v7-m/nofp\libc_nano.a(libc_a-memset.o)
                              C:/ST/STM32CubeIDE_1.19.0/STM32CubeIDE/plugins/com.st.stm32cube.ide.mcu.externaltools.gnu-tools-for-stm32.13.3.rel1.win32_1.0.0.202411081344/tools/bin/../lib/gcc/arm-none-eabi/13.3.1/../../../../arm-none-eabi/lib/thumb/v7-m/nofp/crt0.o (memset)
C:/ST/STM32CubeIDE_1.19.0/STM32CubeIDE/plugins/com.st.stm32cube.ide.mcu.externaltools.gnu-tools-for-stm32.13.3.rel1.win32_1.0.0.202411081344/tools/bin/../lib/gcc/arm-none-eabi/13.3.1/../../../../arm-none-eabi/lib/thumb/v7-m/nofp\libc_nano.a(libc_a-closer.o)
                              C:/ST/STM32CubeIDE_1.19.0/STM32CubeIDE/plugins/com.st.stm32cube.ide.mcu.externaltools.gnu-tools-for-stm32.13.3.rel1.win32_1.0.0.202411081344/tools/bin/../lib/gcc/arm-none-eabi/13.3.1/../../../../arm-none-eabi/lib/thumb/v7-m/nofp\libc_nano.a(libc_a-stdio.o) (_close_r)
C:/ST/STM32CubeIDE_1.19.0/STM32CubeIDE/plugins/com.st.stm32cube.ide.mcu.externaltools.gnu-tools-for-stm32.13.3.rel1.win32_1.0.0.202411081344/tools/bin/../lib/gcc/arm-none-eabi/13.3.1/../../../../arm-none-eabi/lib/thumb/v7-m/nofp\libc_nano.a(libc_a-reent.o)
                              C:/ST/STM32CubeIDE_1.19.0/STM32CubeIDE/plugins/com.st.stm32cube.ide.mcu.externaltools.gnu-tools-for-stm32.13.3.rel1.win32_1.0.0.202411081344/tools/bin/../lib/gcc/arm-none-eabi/13.3.1/../../../../arm-none-eabi/lib/thumb/v7-m/nofp\libc_nano.a(libc_a-closer.o) (errno)
C:/ST/STM32CubeIDE_1.19.0/STM32CubeIDE/plugins/com.st.stm32cube.ide.mcu.externaltools.gnu-tools-for-stm32.13.3.rel1.win32_1.0.0.202411081344/tools/bin/../lib/gcc/arm-none-eabi/13.3.1/../../../../arm-none-eabi/lib/thumb/v7-m/nofp\libc_nano.a(libc_a-impure.o)
                              C:/ST/STM32CubeIDE_1.19.0/STM32CubeIDE/plugins/com.st.stm32cube.ide.mcu.externaltools.gnu-tools-for-stm32.13.3.rel1.win32_1.0.0.202411081344/tools/bin/../lib/gcc/arm-none-eabi/13.3.1/../../../../arm-none-eabi/lib/thumb/v7-m/nofp\libc_nano.a(libc_a-reent.o) (_impure_ptr)
C:/ST/STM32CubeIDE_1.19.0/STM32CubeIDE/plugins/com.st.stm32cube.ide.mcu.externaltools.gnu-tools-for-stm32.13.3.rel1.win32_1.0.0.202411081344/tools/bin/../lib/gcc/arm-none-eabi/13.3.1/../../../../arm-none-eabi/lib/thumb/v7-m/nofp\libc_nano.a(libc_a-lseekr.o)
[...]
Memory Configuration

Name             Origin             Length             Attributes
RAM              0x20000000         0x00005000         xrw
FLASH            0x08000000         0x00010000         xr
*default*        0x00000000         0xffffffff

Linker script and memory map

LOAD C:/ST/STM32CubeIDE_1.19.0/STM32CubeIDE/plugins/com.st.stm32cube.ide.mcu.externaltools.gnu-tools-for-stm32.13.3.rel1.win32_1.0.0.202411081344/tools/bin/../lib/gcc/arm-none-eabi/13.3.1/thumb/v7-m/nofp/crti.o
LOAD C:/ST/STM32CubeIDE_1.19.0/STM32CubeIDE/plugins/com.st.stm32cube.ide.mcu.externaltools.gnu-tools-for-stm32.13.3.rel1.win32_1.0.0.202411081344/tools/bin/../lib/gcc/arm-none-eabi/13.3.1/thumb/v7-m/nofp/crtbegin.o
LOAD C:/ST/STM32CubeIDE_1.19.0/STM32CubeIDE/plugins/com.st.stm32cube.ide.mcu.externaltools.gnu-tools-for-stm32.13.3.rel1.win32_1.0.0.202411081344/tools/bin/../lib/gcc/arm-none-eabi/13.3.1/../../../../arm-none-eabi/lib/thumb/v7-m/nofp/crt0.o
LOAD ./Driver/Source/GPIO.o
LOAD ./Driver/Source/I2C.o
LOAD ./Driver/Source/RCC.o
LOAD ./Driver/Source/UART.o
LOAD ./Lib/Source/ADXL345.o
LOAD ./Src/main.o
LOAD ./Src/syscalls.o
LOAD ./Src/sysmem.o
LOAD ./Startup/startup_stm32f103c8tx.o
START GROUP
LOAD C:/ST/STM32CubeIDE_1.19.0/STM32CubeIDE/plugins/com.st.stm32cube.ide.mcu.externaltools.gnu-tools-for-stm32.13.3.rel1.win32_1.0.0.202411081344/tools/bin/../lib/gcc/arm-none-eabi/13.3.1/../../../../arm-none-eabi/lib/thumb/v7-m/nofp\libc_nano.a
LOAD C:/ST/STM32CubeIDE_1.19.0/STM32CubeIDE/plugins/com.st.stm32cube.ide.mcu.externaltools.gnu-tools-for-stm32.13.3.rel1.win32_1.0.0.202411081344/tools/bin/../lib/gcc/arm-none-eabi/13.3.1/../../../../arm-none-eabi/lib/thumb/v7-m/nofp\libm.a
END GROUP
START GROUP
LOAD C:/ST/STM32CubeIDE_1.19.0/STM32CubeIDE/plugins/com.st.stm32cube.ide.mcu.externaltools.gnu-tools-for-stm32.13.3.rel1.win32_1.0.0.202411081344/tools/bin/../lib/gcc/arm-none-eabi/13.3.1/thumb/v7-m/nofp\libgcc.a
LOAD C:/ST/STM32CubeIDE_1.19.0/STM32CubeIDE/plugins/com.st.stm32cube.ide.mcu.externaltools.gnu-tools-for-stm32.13.3.rel1.win32_1.0.0.202411081344/tools/bin/../lib/gcc/arm-none-eabi/13.3.1/../../../../arm-none-eabi/lib/thumb/v7-m/nofp\libc_nano.a
END GROUP
START GROUP
LOAD C:/ST/STM32CubeIDE_1.19.0/STM32CubeIDE/plugins/com.st.stm32cube.ide.mcu.externaltools.gnu-tools-for-stm32.13.3.rel1.win32_1.0.0.202411081344/tools/bin/../lib/gcc/arm-none-eabi/13.3.1/thumb/v7-m/nofp\libgcc.a
LOAD C:/ST/STM32CubeIDE_1.19.0/STM32CubeIDE/plugins/com.st.stm32cube.ide.mcu.externaltools.gnu-tools-for-stm32.13.3.rel1.win32_1.0.0.202411081344/tools/bin/../lib/gcc/arm-none-eabi/13.3.1/../../../../arm-none-eabi/lib/thumb/v7-m/nofp\libc_nano.a
LOAD C:/ST/STM32CubeIDE_1.19.0/STM32CubeIDE/plugins/com.st.stm32cube.ide.mcu.externaltools.gnu-tools-for-stm32.13.3.rel1.win32_1.0.0.202411081344/tools/bin/../lib/gcc/arm-none-eabi/13.3.1/../../../../arm-none-eabi/lib/thumb/v7-m/nofp\libnosys.a
END GROUP
START GROUP
LOAD C:/ST/STM32CubeIDE_1.19.0/STM32CubeIDE/plugins/com.st.stm32cube.ide.mcu.externaltools.gnu-tools-for-stm32.13.3.rel1.win32_1.0.0.202411081344/tools/bin/../lib/gcc/arm-none-eabi/13.3.1/thumb/v7-m/nofp\libgcc.a
LOAD C:/ST/STM32CubeIDE_1.19.0/STM32CubeIDE/plugins/com.st.stm32cube.ide.mcu.externaltools.gnu-tools-for-stm32.13.3.rel1.win32_1.0.0.202411081344/tools/bin/../lib/gcc/arm-none-eabi/13.3.1/../../../../arm-none-eabi/lib/thumb/v7-m/nofp\libc_nano.a
LOAD C:/ST/STM32CubeIDE_1.19.0/STM32CubeIDE/plugins/com.st.stm32cube.ide.mcu.externaltools.gnu-tools-for-stm32.13.3.rel1.win32_1.0.0.202411081344/tools/bin/../lib/gcc/arm-none-eabi/13.3.1/../../../../arm-none-eabi/lib/thumb/v7-m/nofp\libnosys.a
END GROUP
LOAD C:/ST/STM32CubeIDE_1.19.0/STM32CubeIDE/plugins/com.st.stm32cube.ide.mcu.externaltools.gnu-tools-for-stm32.13.3.rel1.win32_1.0.0.202411081344/tools/bin/../lib/gcc/arm-none-eabi/13.3.1/thumb/v7-m/nofp/crtend.o
LOAD C:/ST/STM32CubeIDE_1.19.0/STM32CubeIDE/plugins/com.st.stm32cube.ide.mcu.externaltools.gnu-tools-for-stm32.13.3.rel1.win32_1.0.0.202411081344/tools/bin/../lib/gcc/arm-none-eabi/13.3.1/thumb/v7-m/nofp/crtn.o
                0x20005000                        _estack = (ORIGIN (RAM) + LENGTH (RAM))
                0x00000200                        _Min_Heap_Size = 0x200
                0x00000400                        _Min_Stack_Size = 0x400

.isr_vector     0x08000000      0x130
                0x08000000                        . = ALIGN (0x4)
 *(.isr_vector)
 .isr_vector    0x08000000      0x130 ./Startup/startup_stm32f103c8tx.o
                0x08000000                g_pfnVectors
                0x08000130                        . = ALIGN (0x4)

.text           0x08000130     0x1044
                0x08000130                        . = ALIGN (0x4)
 *(.text)
 .text          0x08000130       0x40 C:/ST/STM32CubeIDE_1.19.0/STM32CubeIDE/plugins/com.st.stm32cube.ide.mcu.externaltools.gnu-tools-for-stm32.13.3.rel1.win32_1.0.0.202411081344/tools/bin/../lib/gcc/arm-none-eabi/13.3.1/thumb/v7-m/nofp/crtbegin.o
 .text          0x08000170      0x168 C:/ST/STM32CubeIDE_1.19.0/STM32CubeIDE/plugins/com.st.stm32cube.ide.mcu.externaltools.gnu-tools-for-stm32.13.3.rel1.win32_1.0.0.202411081344/tools/bin/../lib/gcc/arm-none-eabi/13.3.1/thumb/v7-m/nofp\libgcc.a(_arm_mulsf3.o)
                0x08000170                __aeabi_fmul
                0x08000170                __mulsf3
 .text          0x080002d8      0x21c C:/ST/STM32CubeIDE_1.19.0/STM32CubeIDE/plugins/com.st.stm32cube.ide.mcu.externaltools.gnu-tools-for-stm32.13.3.rel1.win32_1.0.0.202411081344/tools/bin/../lib/gcc/arm-none-eabi/13.3.1/thumb/v7-m/nofp\libgcc.a(_arm_addsubsf3.o)
                0x080002d8                __aeabi_frsub
                0x080002e0                __subsf3
                0x080002e0                __aeabi_fsub
                0x080002e4                __aeabi_fadd
                0x080002e4                __addsf3
                0x08000444                __aeabi_ui2f
                0x08000444                __floatunsisf
                0x0800044c                __aeabi_i2f
                0x0800044c                __floatsisf
                0x08000468                __aeabi_ul2f
                0x08000468                __floatundisf
                0x08000478                __aeabi_l2f
                0x08000478                __floatdisf
 .text          0x080004f4       0x40 C:/ST/STM32CubeIDE_1.19.0/STM32CubeIDE/plugins/com.st.stm32cube.ide.mcu.externaltools.gnu-tools-for-stm32.13.3.rel1.win32_1.0.0.202411081344/tools/bin/../lib/gcc/arm-none-eabi/13.3.1/thumb/v7-m/nofp\libgcc.a(_arm_fixunssfsi.o)
                0x080004f4                __fixunssfsi
                0x080004f4                __aeabi_f2uiz
 *(.text*)
 .text.GPIO_Config
                0x08000534      0x114 ./Driver/Source/GPIO.o
                0x08000534                GPIO_Config
 .text.I2C_Init
                0x08000648      0x13c ./Driver/Source/I2C.o
                0x08000648                I2C_Init
 .text.I2C_Start
                0x08000784       0x7c ./Driver/Source/I2C.o
                0x08000784                I2C_Start
 .text.I2C_Stop
                0x08000800       0x40 ./Driver/Source/I2C.o
                0x08000800                I2C_Stop
 .text.I2C_Transmit_Address
                0x08000840       0x84 ./Driver/Source/I2C.o
                0x08000840                I2C_Transmit_Address
 .text.I2C_Master_Transmit_Data
                0x080008c4       0x6c ./Driver/Source/I2C.o
                0x080008c4                I2C_Master_Transmit_Data
 .text.I2C_Master_Receive_Continue
                0x08000930       0x78 ./Driver/Source/I2C.o
                0x08000930                I2C_Master_Receive_Continue
 .text.I2C_Master_Receive_Stop
                0x080009a8       0xa4 ./Driver/Source/I2C.o
                0x080009a8                I2C_Master_Receive_Stop
 .text.I2C_Master_Receive_Data
                0x08000a4c       0x34 ./Driver/Source/I2C.o
                0x08000a4c                I2C_Master_Receive_Data
 .text.RCC_Enable
                0x08000a80      0x138 ./Driver/Source/RCC.o
                0x08000a80                RCC_Enable
 .text.UART_Init
                0x08000bb8      0x154 ./Driver/Source/UART.o
                0x08000bb8                UART_Init
 .text.UART_Transmit_Char
                0x08000d0c       0x7c ./Driver/Source/UART.o
                0x08000d0c                UART_Transmit_Char
 .text.UART_Transmit_String
                0x08000d88       0x34 ./Driver/Source/UART.o
                0x08000d88                UART_Transmit_String
 .text.value_to_str
                0x08000dbc      0x10c ./Driver/Source/UART.o
                0x08000dbc                value_to_str
 .text.ADXL345_I2C_Read
                0x08000ec8       0xfa ./Lib/Source/ADXL345.o
                0x08000ec8                ADXL345_I2C_Read
 *fill*         0x08000fc2        0x2 
 .text.main     0x08000fc4       0xfc ./Src/main.o
                0x08000fc4                main
 .text.Reset_Handler
                0x080010c0       0x50 ./Startup/startup_stm32f103c8tx.o
                0x080010c0                Reset_Handler
 .text.Default_Handler
                0x08001110        0x2 ./Startup/startup_stm32f103c8tx.o
                0x08001110                EXTI2_IRQHandler
                0x08001110                TIM8_TRG_COM_IRQHandler
                0x08001110                TIM8_CC_IRQHandler
                0x08001110                DebugMon_Handler
                0x08001110                TIM1_CC_IRQHandler
                0x08001110                HardFault_Handler
                0x08001110                TIM6_IRQHandler
                0x08001110                SysTick_Handler
                0x08001110                PVD_IRQHandler
                0x08001110                SDIO_IRQHandler
                0x08001110                PendSV_Handler
                0x08001110                NMI_Handler
                0x08001110                EXTI3_IRQHandler
                0x08001110                USB_HP_CAN_TX_IRQHandler
                0x08001110                EXTI0_IRQHandler
                0x08001110                I2C2_EV_IRQHandler
                0x08001110                UsageFault_Handler
                0x08001110                ADC1_2_IRQHandler
                0x08001110                SPI1_IRQHandler
                0x08001110                CAN_SCE_IRQHandler
                0x08001110                TAMPER_IRQHandler
                0x08001110                TIM8_UP_IRQHandler
                0x08001110                DMA2_Channel2_IRQHandler
                0x08001110                DMA1_Channel4_IRQHandler
                0x08001110                USART3_IRQHandler
                0x08001110                RTC_IRQHandler
                0x08001110                DMA1_Channel7_IRQHandler
                0x08001110                UART5_IRQHandler
                0x08001110                ADC3_IRQHandler
                0x08001110                TIM4_IRQHandler
                0x08001110                CAN_RX1_IRQHandler
                0x08001110                DMA2_Channel1_IRQHandler
                0x08001110                I2C1_EV_IRQHandler
                0x08001110                DMA1_Channel6_IRQHandler
                0x08001110                UART4_IRQHandler
                0x08001110                TIM3_IRQHandler
                0x08001110                RCC_IRQHandler
                0x08001110                TIM1_TRG_COM_IRQHandler
                0x08001110                DMA1_Channel1_IRQHandler
                0x08001110                Default_Handler
                0x08001110                EXTI15_10_IRQHandler
                0x08001110                TIM7_IRQHandler
                0x08001110                TIM5_IRQHandler
                0x08001110                EXTI9_5_IRQHandler
                0x08001110                SPI2_IRQHandler
                0x08001110                USB_LP_CAN_RX0_IRQHandler
                0x08001110                MemManage_Handler
                0x08001110                SVC_Handler
                0x08001110                DMA1_Channel5_IRQHandler
                0x08001110                EXTI4_IRQHandler
                0x08001110                DMA1_Channel3_IRQHandler
                0x08001110                FSMC_IRQHandler
                0x08001110                TIM1_UP_IRQHandler
                0x08001110                WWDG_IRQHandler
                0x08001110                TIM2_IRQHandler
                0x08001110                TIM1_BRK_IRQHandler
                0x08001110                EXTI1_IRQHandler
                0x08001110                RTCAlarm_IRQHandler
                0x08001110                DMA2_Channel4_5_IRQHandler
                0x08001110                USART2_IRQHandler
                0x08001110                I2C2_ER_IRQHandler
                0x08001110                DMA1_Channel2_IRQHandler
                0x08001110                TIM8_BRK_IRQHandler
                0x08001110                FLASH_IRQHandler
                0x08001110                BusFault_Handler
                0x08001110                USART1_IRQHandler
                0x08001110                SPI3_IRQHandler
                0x08001110                I2C1_ER_IRQHandler
                0x08001110                DMA2_Channel3_IRQHandler
 *fill*         0x08001112        0x2 
 .text.__libc_init_array
                0x08001114       0x48 C:/ST/STM32CubeIDE_1.19.0/STM32CubeIDE/plugins/com.st.stm32cube.ide.mcu.externaltools.gnu-tools-for-stm32.13.3.rel1.win32_1.0.0.202411081344/tools/bin/../lib/gcc/arm-none-eabi/13.3.1/../../../../arm-none-eabi/lib/thumb/v7-m/nofp\libc_nano.a(libc_a-init.o)
                0x08001114                __libc_init_array
 *(.glue_7)
 .glue_7        0x0800115c        0x0 linker stubs
 *(.glue_7t)
 .glue_7t       0x0800115c        0x0 linker stubs
 *(.eh_frame)
 .eh_frame      0x0800115c        0x0 C:/ST/STM32CubeIDE_1.19.0/STM32CubeIDE/plugins/com.st.stm32cube.ide.mcu.externaltools.gnu-tools-for-stm32.13.3.rel1.win32_1.0.0.202411081344/tools/bin/../lib/gcc/arm-none-eabi/13.3.1/thumb/v7-m/nofp/crtbegin.o
 *(.init)
 .init          0x0800115c        0x4 C:/ST/STM32CubeIDE_1.19.0/STM32CubeIDE/plugins/com.st.stm32cube.ide.mcu.externaltools.gnu-tools-for-stm32.13.3.rel1.win32_1.0.0.202411081344/tools/bin/../lib/gcc/arm-none-eabi/13.3.1/thumb/v7-m/nofp/crti.o
                0x0800115c                _init
 .init          0x08001160        0x8 C:/ST/STM32CubeIDE_1.19.0/STM32CubeIDE/plugins/com.st.stm32cube.ide.mcu.externaltools.gnu-tools-for-stm32.13.3.rel1.win32_1.0.0.202411081344/tools/bin/../lib/gcc/arm-none-eabi/13.3.1/thumb/v7-m/nofp/crtn.o
 *(.fini)
 .fini          0x08001168        0x4 C:/ST/STM32CubeIDE_1.19.0/STM32CubeIDE/plugins/com.st.stm32cube.ide.mcu.externaltools.gnu-tools-for-stm32.13.3.rel1.win32_1.0.0.202411081344/tools/bin/../lib/gcc/arm-none-eabi/13.3.1/thumb/v7-m/nofp/crti.o
                0x08001168                _fini
 .fini          0x0800116c        0x8 C:/ST/STM32CubeIDE_1.19.0/STM32CubeIDE/plugins/com.st.stm32cube.ide.mcu.externaltools.gnu-tools-for-stm32.13.3.rel1.win32_1.0.0.202411081344/tools/bin/../lib/gcc/arm-none-eabi/13.3.1/thumb/v7-m/nofp/crtn.o
                0x08001174                        . = ALIGN (0x4)
                0x08001174                        _etext = .

.vfp11_veneer   0x08001174        0x0
 .vfp11_veneer  0x08001174        0x0 linker stubs

.v4_bx          0x08001174        0x0
 .v4_bx         0x08001174        0x0 linker stubs

.iplt           0x08001174        0x0
 .iplt          0x08001174        0x0 C:/ST/STM32CubeIDE_1.19.0/STM32CubeIDE/plugins/com.st.stm32cube.ide.mcu.externaltools.gnu-tools-for-stm32.13.3.rel1.win32_1.0.0.202411081344/tools/bin/../lib/gcc/arm-none-eabi/13.3.1/thumb/v7-m/nofp/crtbegin.o

.rodata         0x08001174       0x10
                0x08001174                        . = ALIGN (0x4)
 *(.rodata)
 .rodata        0x08001174       0x10 ./Src/main.o
 *(.rodata*)
                0x08001184                        . = ALIGN (0x4)

.ARM.extab      0x08001184        0x0
                0x08001184                        . = ALIGN (0x4)
 *(.ARM.extab* .gnu.linkonce.armextab.*)
                0x08001184                        . = ALIGN (0x4)

.ARM            0x08001184        0x0
                0x08001184                        . = ALIGN (0x4)
                0x08001184                        __exidx_start = .
 *(.ARM.exidx*)
                0x08001184                        __exidx_end = .
                0x08001184                        . = ALIGN (0x4)

.preinit_array  0x08001184        0x0
                0x08001184                        . = ALIGN (0x4)
                0x08001184                        PROVIDE (__preinit_array_start = .)
 *(.preinit_array*)
                0x08001184                        PROVIDE (__preinit_array_end = .)
                0x08001184                        . = ALIGN (0x4)

.init_array     0x08001184        0x4
                0x08001184                        . = ALIGN (0x4)
                0x08001184                        PROVIDE (__init_array_start = .)
 *(SORT_BY_NAME(.init_array.*))
 *(.init_array*)
 .init_array    0x08001184        0x4 C:/ST/STM32CubeIDE_1.19.0/STM32CubeIDE/plugins/com.st.stm32cube.ide.mcu.externaltools.gnu-tools-for-stm32.13.3.rel1.win32_1.0.0.202411081344/tools/bin/../lib/gcc/arm-none-eabi/13.3.1/thumb/v7-m/nofp/crtbegin.o
                0x08001188                        PROVIDE (__init_array_end = .)
                0x08001188                        . = ALIGN (0x4)

.fini_array     0x08001188        0x4
                0x08001188                        . = ALIGN (0x4)
                [!provide]                        PROVIDE (__fini_array_start = .)
 *(SORT_BY_NAME(.fini_array.*))
 *(.fini_array*)
 .fini_array    0x08001188        0x4 C:/ST/STM32CubeIDE_1.19.0/STM32CubeIDE/plugins/com.st.stm32cube.ide.mcu.externaltools.gnu-tools-for-stm32.13.3.rel1.win32_1.0.0.202411081344/tools/bin/../lib/gcc/arm-none-eabi/13.3.1/thumb/v7-m/nofp/crtbegin.o
                [!provide]                        PROVIDE (__fini_array_end = .)
                0x0800118c                        . = ALIGN (0x4)
                0x0800118c                        _sidata = LOADADDR (.data)

.rel.dyn        0x0800118c        0x0
 .rel.iplt      0x0800118c        0x0 C:/ST/STM32CubeIDE_1.19.0/STM32CubeIDE/plugins/com.st.stm32cube.ide.mcu.externaltools.gnu-tools-for-stm32.13.3.rel1.win32_1.0.0.202411081344/tools/bin/../lib/gcc/arm-none-eabi/13.3.1/thumb/v7-m/nofp/crtbegin.o

.data           0x20000000        0x0 load address 0x0800118c
                0x20000000                        . = ALIGN (0x4)
                0x20000000                        _sdata = .
 *(.data)
 *(.data*)
 *(.RamFunc)
 *(.RamFunc*)
                0x20000000                        . = ALIGN (0x4)
                0x20000000                        _edata = .

.igot.plt       0x20000000        0x0 load address 0x0800118c
 .igot.plt      0x20000000        0x0 C:/ST/STM32CubeIDE_1.19.0/STM32CubeIDE/plugins/com.st.stm32cube.ide.mcu.externaltools.gnu-tools-for-stm32.13.3.rel1.win32_1.0.0.202411081344/tools/bin/../lib/gcc/arm-none-eabi/13.3.1/thumb/v7-m/nofp/crtbegin.o
                0x20000000                        . = ALIGN (0x4)

.bss            0x20000000       0x1c load address 0x0800118c
                0x20000000                        _sbss = .
                0x20000000                        __bss_start__ = _sbss
 *(.bss)
 .bss           0x20000000       0x1c C:/ST/STM32CubeIDE_1.19.0/STM32CubeIDE/plugins/com.st.stm32cube.ide.mcu.externaltools.gnu-tools-for-stm32.13.3.rel1.win32_1.0.0.202411081344/tools/bin/../lib/gcc/arm-none-eabi/13.3.1/thumb/v7-m/nofp/crtbegin.o
 *(.bss*)
 *(COMMON)
                0x2000001c                        . = ALIGN (0x4)
                0x2000001c                        _ebss = .
                0x2000001c                        __bss_end__ = _ebss

._user_heap_stack
                0x2000001c      0x604 load address 0x0800118c
                0x20000020                        . = ALIGN (0x8)
 *fill*         0x2000001c        0x4 
                [!provide]                        PROVIDE (end = .)
                0x20000020                        PROVIDE (_end = .)
                0x20000220                        . = (. + _Min_Heap_Size)
 *fill*         0x20000020      0x200 
                0x20000620                        . = (. + _Min_Stack_Size)
 *fill*         0x20000220      0x400 
                0x20000620                        . = ALIGN (0x8)

/DISCARD/
 libc.a(*)
 libm.a(*)
 libgcc.a(*)

.ARM.attributes
                0x00000000       0x29
 *(.ARM.attributes)
 .ARM.attributes
                0x00000000       0x1d C:/ST/STM32CubeIDE_1.19.0/STM32CubeIDE/plugins/com.st.stm32cube.ide.mcu.externaltools.gnu-tools-for-stm32.13.3.rel1.win32_1.0.0.202411081344/tools/bin/../lib/gcc/arm-none-eabi/13.3.1/thumb/v7-m/nofp/crti.o
 .ARM.attributes
                0x0000001d       0x2d C:/ST/STM32CubeIDE_1.19.0/STM32CubeIDE/plugins/com.st.stm32cube.ide.mcu.externaltools.gnu-tools-for-stm32.13.3.rel1.win32_1.0.0.202411081344/tools/bin/../lib/gcc/arm-none-eabi/13.3.1/thumb/v7-m/nofp/crtbegin.o
 .ARM.attributes
                0x0000004a       0x2d ./Driver/Source/GPIO.o
 .ARM.attributes
                0x00000077       0x2d ./Driver/Source/I2C.o
 .ARM.attributes
                0x000000a4       0x2d ./Driver/Source/RCC.o
 .ARM.attributes
                0x000000d1       0x2d ./Driver/Source/UART.o
 .ARM.attributes
                0x000000fe       0x2d ./Lib/Source/ADXL345.o
 .ARM.attributes
                0x0000012b       0x2d ./Src/main.o
 .ARM.attributes
                0x00000158       0x21 ./Startup/startup_stm32f103c8tx.o
 .ARM.attributes
                0x00000179       0x2d C:/ST/STM32CubeIDE_1.19.0/STM32CubeIDE/plugins/com.st.stm32cube.ide.mcu.externaltools.gnu-tools-for-stm32.13.3.rel1.win32_1.0.0.202411081344/tools/bin/../lib/gcc/arm-none-eabi/13.3.1/../../../../arm-none-eabi/lib/thumb/v7-m/nofp\libc_nano.a(libc_a-init.o)
 .ARM.attributes
                0x000001a6       0x1d C:/ST/STM32CubeIDE_1.19.0/STM32CubeIDE/plugins/com.st.stm32cube.ide.mcu.externaltools.gnu-tools-for-stm32.13.3.rel1.win32_1.0.0.202411081344/tools/bin/../lib/gcc/arm-none-eabi/13.3.1/thumb/v7-m/nofp\libgcc.a(_arm_mulsf3.o)
 .ARM.attributes
                0x000001c3       0x1d C:/ST/STM32CubeIDE_1.19.0/STM32CubeIDE/plugins/com.st.stm32cube.ide.mcu.externaltools.gnu-tools-for-stm32.13.3.rel1.win32_1.0.0.202411081344/tools/bin/../lib/gcc/arm-none-eabi/13.3.1/thumb/v7-m/nofp\libgcc.a(_arm_addsubsf3.o)
 .ARM.attributes
                0x000001e0       0x1d C:/ST/STM32CubeIDE_1.19.0/STM32CubeIDE/plugins/com.st.stm32cube.ide.mcu.externaltools.gnu-tools-for-stm32.13.3.rel1.win32_1.0.0.202411081344/tools/bin/../lib/gcc/arm-none-eabi/13.3.1/thumb/v7-m/nofp\libgcc.a(_arm_fixunssfsi.o)
 .ARM.attributes
                0x000001fd       0x1d C:/ST/STM32CubeIDE_1.19.0/STM32CubeIDE/plugins/com.st.stm32cube.ide.mcu.externaltools.gnu-tools-for-stm32.13.3.rel1.win32_1.0.0.202411081344/tools/bin/../lib/gcc/arm-none-eabi/13.3.1/thumb/v7-m/nofp/crtn.o
OUTPUT(I2C.elf elf32-littlearm)
LOAD linker stubs
LOAD C:/ST/STM32CubeIDE_1.19.0/STM32CubeIDE/plugins/com.st.stm32cube.ide.mcu.externaltools.gnu-tools-for-stm32.13.3.rel1.win32_1.0.0.202411081344/tools/bin/../lib/gcc/arm-none-eabi/13.3.1/../../../../arm-none-eabi/lib/thumb/v7-m/nofp\libc.a
LOAD C:/ST/STM32CubeIDE_1.19.0/STM32CubeIDE/plugins/com.st.stm32cube.ide.mcu.externaltools.gnu-tools-for-stm32.13.3.rel1.win32_1.0.0.202411081344/tools/bin/../lib/gcc/arm-none-eabi/13.3.1/../../../../arm-none-eabi/lib/thumb/v7-m/nofp\libm.a
LOAD C:/ST/STM32CubeIDE_1.19.0/STM32CubeIDE/plugins/com.st.stm32cube.ide.mcu.externaltools.gnu-tools-for-stm32.13.3.rel1.win32_1.0.0.202411081344/tools/bin/../lib/gcc/arm-none-eabi/13.3.1/thumb/v7-m/nofp\libgcc.a

.debug_info     0x00000000     0x1420
 .debug_info    0x00000000      0x251 ./Driver/Source/GPIO.o
 .debug_info    0x00000251      0x647 ./Driver/Source/I2C.o
 .debug_info    0x00000898      0x120 ./Driver/Source/RCC.o
 .debug_info    0x000009b8      0x3de ./Driver/Source/UART.o
 .debug_info    0x00000d96      0x342 ./Lib/Source/ADXL345.o
 .debug_info    0x000010d8      0x318 ./Src/main.o
 .debug_info    0x000013f0       0x30 ./Startup/startup_stm32f103c8tx.o

.debug_abbrev   0x00000000      0x6cb
 .debug_abbrev  0x00000000       0xdc ./Driver/Source/GPIO.o
 .debug_abbrev  0x000000dc      0x1dc ./Driver/Source/I2C.o
 .debug_abbrev  0x000002b8       0x81 ./Driver/Source/RCC.o
 .debug_abbrev  0x00000339      0x14f ./Driver/Source/UART.o
 .debug_abbrev  0x00000488      0x147 ./Lib/Source/ADXL345.o
 .debug_abbrev  0x000005cf       0xd8 ./Src/main.o
 .debug_abbrev  0x000006a7       0x24 ./Startup/startup_stm32f103c8tx.o

.debug_aranges  0x00000000      0x198
 .debug_aranges
                0x00000000       0x30 ./Driver/Source/GPIO.o
 .debug_aranges
                0x00000030       0x70 ./Driver/Source/I2C.o
 .debug_aranges
                0x000000a0       0x20 ./Driver/Source/RCC.o
 .debug_aranges
                0x000000c0       0x48 ./Driver/Source/UART.o
 .debug_aranges
                0x00000108       0x48 ./Lib/Source/ADXL345.o
 .debug_aranges
                0x00000150       0x20 ./Src/main.o
 .debug_aranges
                0x00000170       0x28 ./Startup/startup_stm32f103c8tx.o

.debug_rnglists
                0x00000000      0x11b
 .debug_rnglists
                0x00000000       0x22 ./Driver/Source/GPIO.o
 .debug_rnglists
                0x00000022       0x53 ./Driver/Source/I2C.o
 .debug_rnglists
                0x00000075       0x14 ./Driver/Source/RCC.o
 .debug_rnglists
                0x00000089       0x33 ./Driver/Source/UART.o
 .debug_rnglists
                0x000000bc       0x32 ./Lib/Source/ADXL345.o
 .debug_rnglists
                0x000000ee       0x14 ./Src/main.o
 .debug_rnglists
                0x00000102       0x19 ./Startup/startup_stm32f103c8tx.o

.debug_macro    0x00000000     0x17a1
 .debug_macro   0x00000000       0x72 ./Driver/Source/GPIO.o
 .debug_macro   0x00000072      0xad2 ./Driver/Source/GPIO.o
 .debug_macro   0x00000b44       0x22 ./Driver/Source/GPIO.o
 .debug_macro   0x00000b66       0x8e ./Driver/Source/GPIO.o
 .debug_macro   0x00000bf4       0x51 ./Driver/Source/GPIO.o
 .debug_macro   0x00000c45      0x103 ./Driver/Source/GPIO.o
 .debug_macro   0x00000d48       0x6a ./Driver/Source/GPIO.o
 .debug_macro   0x00000db2      0x1df ./Driver/Source/GPIO.o
 .debug_macro   0x00000f91       0x94 ./Driver/Source/GPIO.o
 .debug_macro   0x00001025       0x7b ./Driver/Source/I2C.o
 .debug_macro   0x000010a0       0x9a ./Driver/Source/I2C.o
 .debug_macro   0x0000113a       0xe2 ./Driver/Source/I2C.o
 .debug_macro   0x0000121c       0x72 ./Driver/Source/RCC.o
 .debug_macro   0x0000128e       0x52 ./Driver/Source/RCC.o
 .debug_macro   0x000012e0       0x7b ./Driver/Source/UART.o
 .debug_macro   0x0000135b       0xbe ./Driver/Source/UART.o
 .debug_macro   0x00001419       0x8a ./Lib/Source/ADXL345.o
 .debug_macro   0x000014a3       0xb8 ./Lib/Source/ADXL345.o
 .debug_macro   0x0000155b       0xa0 ./Src/main.o
 .debug_macro   0x000015fb       0xe8 ./Src/main.o
 .debug_macro   0x000016e3       0xbe ./Src/main.o

.debug_line     0x00000000     0x2352
 .debug_line    0x00000000      0x59d ./Driver/Source/GPIO.o
 .debug_line    0x0000059d      0x7ff ./Driver/Source/I2C.o
 .debug_line    0x00000d9c      0x4d4 ./Driver/Source/RCC.o
 .debug_line    0x00001270      0x630 ./Driver/Source/UART.o
 .debug_line    0x000018a0      0x595 ./Lib/Source/ADXL345.o
 .debug_line    0x00001e35      0x4a2 ./Src/main.o
 .debug_line    0x000022d7       0x7b ./Startup/startup_stm32f103c8tx.o

.debug_str      0x00000000     0x5c24
 .debug_str     0x00000000     0x5c24 ./Driver/Source/GPIO.o
                               0x43fc (size before relaxing)
 .debug_str     0x00005c24     0x4ba9 ./Driver/Source/I2C.o
 .debug_str     0x00005c24     0x40dc ./Driver/Source/RCC.o
 .debug_str     0x00005c24     0x4ad6 ./Driver/Source/UART.o
 .debug_str     0x00005c24     0x4f76 ./Lib/Source/ADXL345.o
 .debug_str     0x00005c24     0x5865 ./Src/main.o
 .debug_str     0x00005c24       0x66 ./Startup/startup_stm32f103c8tx.o

.comment        0x00000000       0x43
 .comment       0x00000000       0x43 ./Driver/Source/GPIO.o
                                 0x44 (size before relaxing)
 .comment       0x00000043       0x44 ./Driver/Source/I2C.o
 .comment       0x00000043       0x44 ./Driver/Source/RCC.o
 .comment       0x00000043       0x44 ./Driver/Source/UART.o
 .comment       0x00000043       0x44 ./Lib/Source/ADXL345.o
 .comment       0x00000043       0x44 ./Src/main.o

.debug_frame    0x00000000      0x548
 .debug_frame   0x00000000       0x8c ./Driver/Source/GPIO.o
 .debug_frame   0x0000008c      0x1bc ./Driver/Source/I2C.o
 .debug_frame   0x00000248       0x38 ./Driver/Source/RCC.o
 .debug_frame   0x00000280       0xf0 ./Driver/Source/UART.o
 .debug_frame   0x00000370       0xe8 ./Lib/Source/ADXL345.o
 .debug_frame   0x00000458       0x30 ./Src/main.o
 .debug_frame   0x00000488       0x2c C:/ST/STM32CubeIDE_1.19.0/STM32CubeIDE/plugins/com.st.stm32cube.ide.mcu.externaltools.gnu-tools-for-stm32.13.3.rel1.win32_1.0.0.202411081344/tools/bin/../lib/gcc/arm-none-eabi/13.3.1/../../../../arm-none-eabi/lib/thumb/v7-m/nofp\libc_nano.a(libc_a-init.o)
 .debug_frame   0x000004b4       0x24 C:/ST/STM32CubeIDE_1.19.0/STM32CubeIDE/plugins/com.st.stm32cube.ide.mcu.externaltools.gnu-tools-for-stm32.13.3.rel1.win32_1.0.0.202411081344/tools/bin/../lib/gcc/arm-none-eabi/13.3.1/thumb/v7-m/nofp\libgcc.a(_arm_mulsf3.o)
 .debug_frame   0x000004d8       0x4c C:/ST/STM32CubeIDE_1.19.0/STM32CubeIDE/plugins/com.st.stm32cube.ide.mcu.externaltools.gnu-tools-for-stm32.13.3.rel1.win32_1.0.0.202411081344/tools/bin/../lib/gcc/arm-none-eabi/13.3.1/thumb/v7-m/nofp\libgcc.a(_arm_addsubsf3.o)
 .debug_frame   0x00000524       0x24 C:/ST/STM32CubeIDE_1.19.0/STM32CubeIDE/plugins/com.st.stm32cube.ide.mcu.externaltools.gnu-tools-for-stm32.13.3.rel1.win32_1.0.0.202411081344/tools/bin/../lib/gcc/arm-none-eabi/13.3.1/thumb/v7-m/nofp\libgcc.a(_arm_fixunssfsi.o)

.debug_line_str
                0x00000000       0x4a
 .debug_line_str
                0x00000000       0x4a ./Startup/startup_stm32f103c8tx.o
