Archive member included to satisfy reference by file (symbol)

C:/ST/STM32CubeIDE_1.19.0/STM32CubeIDE/plugins/com.st.stm32cube.ide.mcu.externaltools.gnu-tools-for-stm32.13.3.rel1.win32_1.0.0.202411081344/tools/bin/../lib/gcc/arm-none-eabi/13.3.1/../../../../arm-none-eabi/lib/thumb/v7-m/nofp\libc_nano.a(libc_a-exit.o)
                              C:/ST/STM32CubeIDE_1.19.0/STM32CubeIDE/plugins/com.st.stm32cube.ide.mcu.externaltools.gnu-tools-for-stm32.13.3.rel1.win32_1.0.0.202411081344/tools/bin/../lib/gcc/arm-none-eabi/13.3.1/../../../../arm-none-eabi/lib/thumb/v7-m/nofp/crt0.o (exit)
C:/ST/STM32CubeIDE_1.19.0/STM32CubeIDE/plugins/com.st.stm32cube.ide.mcu.externaltools.gnu-tools-for-stm32.13.3.rel1.win32_1.0.0.202411081344/tools/bin/../lib/gcc/arm-none-eabi/13.3.1/../../../../arm-none-eabi/lib/thumb/v7-m/nofp\libc_nano.a(libc_a-findfp.o)
                              C:/ST/STM32CubeIDE_1.19.0/STM32CubeIDE/plugins/com.st.stm32cube.ide.mcu.externaltools.gnu-tools-for-stm32.13.3.rel1.win32_1.0.0.202411081344/tools/bin/../lib/gcc/arm-none-eabi/13.3.1/../../../../arm-none-eabi/lib/thumb/v7-m/nofp\libc_nano.a(libc_a-exit.o) (__stdio_exit_handler)
C:/ST/STM32CubeIDE_1.19.0/STM32CubeIDE/plugins/com.st.stm32cube.ide.mcu.externaltools.gnu-tools-for-stm32.13.3.rel1.win32_1.0.0.202411081344/tools/bin/../lib/gcc/arm-none-eabi/13.3.1/../../../../arm-none-eabi/lib/thumb/v7-m/nofp\libc_nano.a(libc_a-fwalk.o)
                              C:/ST/STM32CubeIDE_1.19.0/STM32CubeIDE/plugins/com.st.stm32cube.ide.mcu.externaltools.gnu-tools-for-stm32.13.3.rel1.win32_1.0.0.202411081344/tools/bin/../lib/gcc/arm-none-eabi/13.3.1/../../../../arm-none-eabi/lib/thumb/v7-m/nofp\libc_nano.a(libc_a-findfp.o) (_fwalk_sglue)
C:/ST/STM32CubeIDE_1.19.0/STM32CubeIDE/plugins/com.st.stm32cube.ide.mcu.externaltools.gnu-tools-for-stm32.13.3.rel1.win32_1.0.0.202411081344/tools/bin/../lib/gcc/arm-none-eabi/13.3.1/../../../../arm-none-eabi/lib/thumb/v7-m/nofp\libc_nano.a(libc_a-stdio.o)
                              C:/ST/STM32CubeIDE_1.19.0/STM32CubeIDE/plugins/com.st.stm32cube.ide.mcu.externaltools.gnu-tools-for-stm32.13.3.rel1.win32_1.0.0.202411081344/tools/bin/../lib/gcc/arm-none-eabi/13.3.1/../../../../arm-none-eabi/lib/thumb/v7-m/nofp\libc_nano.a(libc_a-findfp.o) (__sread)
C:/ST/STM32CubeIDE_1.19.0/STM32CubeIDE/plugins/com.st.stm32cube.ide.mcu.externaltools.gnu-tools-for-stm32.13.3.rel1.win32_1.0.0.202411081344/tools/bin/../lib/gcc/arm-none-eabi/13.3.1/../../../../arm-none-eabi/lib/thumb/v7-m/nofp\libc_nano.a(libc_a-memset.o)
                              C:/ST/STM32CubeIDE_1.19.0/STM32CubeIDE/plugins/com.st.stm32cube.ide.mcu.externaltools.gnu-tools-for-stm32.13.3.rel1.win32_1.0.0.202411081344/tools/bin/../lib/gcc/arm-none-eabi/13.3.1/../../../../arm-none-eabi/lib/thumb/v7-m/nofp/crt0.o (memset)
C:/ST/STM32CubeIDE_1.19.0/STM32CubeIDE/plugins/com.st.stm32cube.ide.mcu.externaltools.gnu-tools-for-stm32.13.3.rel1.win32_1.0.0.202411081344/tools/bin/../lib/gcc/arm-none-eabi/13.3.1/../../../../arm-none-eabi/lib/thumb/v7-m/nofp\libc_nano.a(libc_a-closer.o)
                              C:/ST/STM32CubeIDE_1.19.0/STM32CubeIDE/plugins/com.st.stm32cube.ide.mcu.externaltools.gnu-tools-for-stm32.13.3.rel1.win32_1.0.0.202411081344/tools/bin/../lib/gcc/arm-none-eabi/13.3.1/../../../../arm-none-eabi/lib/thumb/v7-m/nofp\libc_nano.a(libc_a-stdio.o) (_close_r)
C:/ST/STM32CubeIDE_1.19.0/STM32CubeIDE/plugins/com.st.stm32cube.ide.mcu.externaltools.gnu-tools-for-stm32.13.3.rel1.win32_1.0.0.202411081344/tools/bin/../lib/gcc/arm-none-eabi/13.3.1/../../../../arm-none-eabi/lib/thumb/v7-m/nofp\libc_nano.a(libc_a-reent.o)
                              C:/ST/STM32CubeIDE_1.19.0/STM32CubeIDE/plugins/com.st.stm32cube.ide.mcu.externaltools.gnu-tools-for-stm32.13.3.rel1.win32_1.0.0.202411081344/tools/bin/../lib/gcc/arm-none-eabi/13.3.1/../../../../arm-none-eabi/lib/thumb/v7-m/nofp\libc_nano.a(libc_a-closer.o) (errno)
C:/ST/STM32CubeIDE_1.19.0/STM32CubeIDE/plugins/com.st.stm32cube.ide.mcu.externaltools.gnu-tools-for-stm32.13.3.rel1.win32_1.0.0.202411081344/tools/bin/../lib/gcc/arm-none-eabi/13.3.1/../../../../arm-none-eabi/lib/thumb/v7-m/nofp\libc_nano.a(libc_a-impure.o)
                              C:/ST/STM32CubeIDE_1.19.0/STM32CubeIDE/plugins/com.st.stm32cube.ide.mcu.externaltools.gnu-tools-for-stm32.13.3.rel1.win32_1.0.0.202411081344/tools/bin/../lib/gcc/arm-none-eabi/13.3.1/../../../../arm-none-eabi/lib/thumb/v7-m/nofp\libc_nano.a(libc_a-reent.o) (_impure_ptr)
C:/ST/STM32CubeIDE_1.19.0/STM32CubeIDE/plugins/com.st.stm32cube.ide.mcu.externaltools.gnu-tools-for-stm32.13.3.rel1.win32_1.0.0.202411081344/tools/bin/../lib/gcc/arm-none-eabi/13.3.1/../../../../arm-none-eabi/lib/thumb/v7-m/nofp\libc_nano.a(libc_a-lseekr.o)
[...]
Memory Configuration

Name             Origin             Length             Attributes
RAM              0x20000000         0x00005000         xrw
FLASH            0x08000000         0x00010000         xr
*default*        0x00000000         0xffffffff

Linker script and memory map

LOAD C:/ST/STM32CubeIDE_1.19.0/STM32CubeIDE/plugins/com.st.stm32cube.ide.mcu.externaltools.gnu-tools-for-stm32.13.3.rel1.win32_1.0.0.202411081344/tools/bin/../lib/gcc/arm-none-eabi/13.3.1/thumb/v7-m/nofp/crti.o
LOAD C:/ST/STM32CubeIDE_1.19.0/STM32CubeIDE/plugins/com.st.stm32cube.ide.mcu.externaltools.gnu-tools-for-stm32.13.3.rel1.win32_1.0.0.202411081344/tools/bin/../lib/gcc/arm-none-eabi/13.3.1/thumb/v7-m/nofp/crtbegin.o
LOAD C:/ST/STM32CubeIDE_1.19.0/STM32CubeIDE/plugins/com.st.stm32cube.ide.mcu.externaltools.gnu-tools-for-stm32.13.3.rel1.win32_1.0.0.202411081344/tools/bin/../lib/gcc/arm-none-eabi/13.3.1/../../../../arm-none-eabi/lib/thumb/v7-m/nofp/crt0.o
LOAD ./Driver/Source/ADC.o
LOAD ./Driver/Source/GPIO.o
LOAD ./Driver/Source/RCC.o
LOAD ./Driver/Source/UART.o
LOAD ./Src/main.o
LOAD ./Src/syscalls.o
LOAD ./Src/sysmem.o
LOAD ./Startup/startup_stm32f103c8tx.o
START GROUP
LOAD C:/ST/STM32CubeIDE_1.19.0/STM32CubeIDE/plugins/com.st.stm32cube.ide.mcu.externaltools.gnu-tools-for-stm32.13.3.rel1.win32_1.0.0.202411081344/tools/bin/../lib/gcc/arm-none-eabi/13.3.1/../../../../arm-none-eabi/lib/thumb/v7-m/nofp\libc_nano.a
LOAD C:/ST/STM32CubeIDE_1.19.0/STM32CubeIDE/plugins/com.st.stm32cube.ide.mcu.externaltools.gnu-tools-for-stm32.13.3.rel1.win32_1.0.0.202411081344/tools/bin/../lib/gcc/arm-none-eabi/13.3.1/../../../../arm-none-eabi/lib/thumb/v7-m/nofp\libm.a
END GROUP
START GROUP
LOAD C:/ST/STM32CubeIDE_1.19.0/STM32CubeIDE/plugins/com.st.stm32cube.ide.mcu.externaltools.gnu-tools-for-stm32.13.3.rel1.win32_1.0.0.202411081344/tools/bin/../lib/gcc/arm-none-eabi/13.3.1/thumb/v7-m/nofp\libgcc.a
LOAD C:/ST/STM32CubeIDE_1.19.0/STM32CubeIDE/plugins/com.st.stm32cube.ide.mcu.externaltools.gnu-tools-for-stm32.13.3.rel1.win32_1.0.0.202411081344/tools/bin/../lib/gcc/arm-none-eabi/13.3.1/../../../../arm-none-eabi/lib/thumb/v7-m/nofp\libc_nano.a
END GROUP
START GROUP
LOAD C:/ST/STM32CubeIDE_1.19.0/STM32CubeIDE/plugins/com.st.stm32cube.ide.mcu.externaltools.gnu-tools-for-stm32.13.3.rel1.win32_1.0.0.202411081344/tools/bin/../lib/gcc/arm-none-eabi/13.3.1/thumb/v7-m/nofp\libgcc.a
LOAD C:/ST/STM32CubeIDE_1.19.0/STM32CubeIDE/plugins/com.st.stm32cube.ide.mcu.externaltools.gnu-tools-for-stm32.13.3.rel1.win32_1.0.0.202411081344/tools/bin/../lib/gcc/arm-none-eabi/13.3.1/../../../../arm-none-eabi/lib/thumb/v7-m/nofp\libc_nano.a
LOAD C:/ST/STM32CubeIDE_1.19.0/STM32CubeIDE/plugins/com.st.stm32cube.ide.mcu.externaltools.gnu-tools-for-stm32.13.3.rel1.win32_1.0.0.202411081344/tools/bin/../lib/gcc/arm-none-eabi/13.3.1/../../../../arm-none-eabi/lib/thumb/v7-m/nofp\libnosys.a
END GROUP
START GROUP
LOAD C:/ST/STM32CubeIDE_1.19.0/STM32CubeIDE/plugins/com.st.stm32cube.ide.mcu.externaltools.gnu-tools-for-stm32.13.3.rel1.win32_1.0.0.202411081344/tools/bin/../lib/gcc/arm-none-eabi/13.3.1/thumb/v7-m/nofp\libgcc.a
LOAD C:/ST/STM32CubeIDE_1.19.0/STM32CubeIDE/plugins/com.st.stm32cube.ide.mcu.externaltools.gnu-tools-for-stm32.13.3.rel1.win32_1.0.0.202411081344/tools/bin/../lib/gcc/arm-none-eabi/13.3.1/../../../../arm-none-eabi/lib/thumb/v7-m/nofp\libc_nano.a
LOAD C:/ST/STM32CubeIDE_1.19.0/STM32CubeIDE/plugins/com.st.stm32cube.ide.mcu.externaltools.gnu-tools-for-stm32.13.3.rel1.win32_1.0.0.202411081344/tools/bin/../lib/gcc/arm-none-eabi/13.3.1/../../../../arm-none-eabi/lib/thumb/v7-m/nofp\libnosys.a
END GROUP
LOAD C:/ST/STM32CubeIDE_1.19.0/STM32CubeIDE/plugins/com.st.stm32cube.ide.mcu.externaltools.gnu-tools-for-stm32.13.3.rel1.win32_1.0.0.202411081344/tools/bin/../lib/gcc/arm-none-eabi/13.3.1/thumb/v7-m/nofp/crtend.o
LOAD C:/ST/STM32CubeIDE_1.19.0/STM32CubeIDE/plugins/com.st.stm32cube.ide.mcu.externaltools.gnu-tools-for-stm32.13.3.rel1.win32_1.0.0.202411081344/tools/bin/../lib/gcc/arm-none-eabi/13.3.1/thumb/v7-m/nofp/crtn.o
                0x20005000                        _estack = (ORIGIN (RAM) + LENGTH (RAM))
                0x00000200                        _Min_Heap_Size = 0x200
                0x00000400                        _Min_Stack_Size = 0x400

.isr_vector     0x08000000      0x130
                0x08000000                        . = ALIGN (0x4)
 *(.isr_vector)
 .isr_vector    0x08000000      0x130 ./Startup/startup_stm32f103c8tx.o
                0x08000000                g_pfnVectors
                0x08000130                        . = ALIGN (0x4)

.text           0x08000130      0xe94
                0x08000130                        . = ALIGN (0x4)
 *(.text)
 .text          0x08000130       0x40 C:/ST/STM32CubeIDE_1.19.0/STM32CubeIDE/plugins/com.st.stm32cube.ide.mcu.externaltools.gnu-tools-for-stm32.13.3.rel1.win32_1.0.0.202411081344/tools/bin/../lib/gcc/arm-none-eabi/13.3.1/thumb/v7-m/nofp/crtbegin.o
 .text          0x08000170      0x168 C:/ST/STM32CubeIDE_1.19.0/STM32CubeIDE/plugins/com.st.stm32cube.ide.mcu.externaltools.gnu-tools-for-stm32.13.3.rel1.win32_1.0.0.202411081344/tools/bin/../lib/gcc/arm-none-eabi/13.3.1/thumb/v7-m/nofp\libgcc.a(_arm_mulsf3.o)
                0x08000170                __aeabi_fmul
                0x08000170                __mulsf3
 .text          0x080002d8      0x21c C:/ST/STM32CubeIDE_1.19.0/STM32CubeIDE/plugins/com.st.stm32cube.ide.mcu.externaltools.gnu-tools-for-stm32.13.3.rel1.win32_1.0.0.202411081344/tools/bin/../lib/gcc/arm-none-eabi/13.3.1/thumb/v7-m/nofp\libgcc.a(_arm_addsubsf3.o)
                0x080002d8                __aeabi_frsub
                0x080002e0                __subsf3
                0x080002e0                __aeabi_fsub
                0x080002e4                __aeabi_fadd
                0x080002e4                __addsf3
                0x08000444                __aeabi_ui2f
                0x08000444                __floatunsisf
                0x0800044c                __aeabi_i2f
                0x0800044c                __floatsisf
                0x08000468                __aeabi_ul2f
                0x08000468                __floatundisf
                0x08000478                __aeabi_l2f
                0x08000478                __floatdisf
 .text          0x080004f4       0x40 C:/ST/STM32CubeIDE_1.19.0/STM32CubeIDE/plugins/com.st.stm32cube.ide.mcu.externaltools.gnu-tools-for-stm32.13.3.rel1.win32_1.0.0.202411081344/tools/bin/../lib/gcc/arm-none-eabi/13.3.1/thumb/v7-m/nofp\libgcc.a(_arm_fixunssfsi.o)
                0x080004f4                __fixunssfsi
                0x080004f4                __aeabi_f2uiz
 *(.text*)
 .text.ADC_Number_Conversation
                0x08000534       0x8c ./Driver/Source/ADC.o
                0x08000534                ADC_Number_Conversation
 .text.ADC_Init
                0x080005c0      0x2ac ./Driver/Source/ADC.o
                0x080005c0                ADC_Init
 .text.ADC_Read_Pin
                0x0800086c       0x84 ./Driver/Source/ADC.o
                0x0800086c                ADC_Read_Pin
 .text.GPIO_Config
                0x080008f0      0x114 ./Driver/Source/GPIO.o
                0x080008f0                GPIO_Config
 .text.RCC_Enable
                0x08000a04      0x138 ./Driver/Source/RCC.o
                0x08000a04                RCC_Enable
 .text.UART_Init
                0x08000b3c      0x154 ./Driver/Source/UART.o
                0x08000b3c                UART_Init
 .text.UART_Transmit_Char
                0x08000c90       0x7c ./Driver/Source/UART.o
                0x08000c90                UART_Transmit_Char
 .text.UART_Transmit_String
                0x08000d0c       0x34 ./Driver/Source/UART.o
                0x08000d0c                UART_Transmit_String
 .text.value_to_str
                0x08000d40      0x10c ./Driver/Source/UART.o
                0x08000d40                value_to_str
 .text.main     0x08000e4c       0xc4 ./Src/main.o
                0x08000e4c                main
 .text.Reset_Handler
                0x08000f10       0x50 ./Startup/startup_stm32f103c8tx.o
                0x08000f10                Reset_Handler
 .text.Default_Handler
                0x08000f60        0x2 ./Startup/startup_stm32f103c8tx.o
                0x08000f60                EXTI2_IRQHandler
                0x08000f60                TIM8_TRG_COM_IRQHandler
                0x08000f60                TIM8_CC_IRQHandler
                0x08000f60                DebugMon_Handler
                0x08000f60                TIM1_CC_IRQHandler
                0x08000f60                HardFault_Handler
                0x08000f60                TIM6_IRQHandler
                0x08000f60                SysTick_Handler
                0x08000f60                PVD_IRQHandler
                0x08000f60                SDIO_IRQHandler
                0x08000f60                PendSV_Handler
                0x08000f60                NMI_Handler
                0x08000f60                EXTI3_IRQHandler
                0x08000f60                USB_HP_CAN_TX_IRQHandler
                0x08000f60                EXTI0_IRQHandler
                0x08000f60                I2C2_EV_IRQHandler
                0x08000f60                UsageFault_Handler
                0x08000f60                ADC1_2_IRQHandler
                0x08000f60                SPI1_IRQHandler
                0x08000f60                CAN_SCE_IRQHandler
                0x08000f60                TAMPER_IRQHandler
                0x08000f60                TIM8_UP_IRQHandler
                0x08000f60                DMA2_Channel2_IRQHandler
                0x08000f60                DMA1_Channel4_IRQHandler
                0x08000f60                USART3_IRQHandler
                0x08000f60                RTC_IRQHandler
                0x08000f60                DMA1_Channel7_IRQHandler
                0x08000f60                UART5_IRQHandler
                0x08000f60                ADC3_IRQHandler
                0x08000f60                TIM4_IRQHandler
                0x08000f60                CAN_RX1_IRQHandler
                0x08000f60                DMA2_Channel1_IRQHandler
                0x08000f60                I2C1_EV_IRQHandler
                0x08000f60                DMA1_Channel6_IRQHandler
                0x08000f60                UART4_IRQHandler
                0x08000f60                TIM3_IRQHandler
                0x08000f60                RCC_IRQHandler
                0x08000f60                TIM1_TRG_COM_IRQHandler
                0x08000f60                DMA1_Channel1_IRQHandler
                0x08000f60                Default_Handler
                0x08000f60                EXTI15_10_IRQHandler
                0x08000f60                TIM7_IRQHandler
                0x08000f60                TIM5_IRQHandler
                0x08000f60                EXTI9_5_IRQHandler
                0x08000f60                SPI2_IRQHandler
                0x08000f60                USB_LP_CAN_RX0_IRQHandler
                0x08000f60                MemManage_Handler
                0x08000f60                SVC_Handler
                0x08000f60                DMA1_Channel5_IRQHandler
                0x08000f60                EXTI4_IRQHandler
                0x08000f60                DMA1_Channel3_IRQHandler
                0x08000f60                FSMC_IRQHandler
                0x08000f60                TIM1_UP_IRQHandler
                0x08000f60                WWDG_IRQHandler
                0x08000f60                TIM2_IRQHandler
                0x08000f60                TIM1_BRK_IRQHandler
                0x08000f60                EXTI1_IRQHandler
                0x08000f60                RTCAlarm_IRQHandler
                0x08000f60                DMA2_Channel4_5_IRQHandler
                0x08000f60                USART2_IRQHandler
                0x08000f60                I2C2_ER_IRQHandler
                0x08000f60                DMA1_Channel2_IRQHandler
                0x08000f60                TIM8_BRK_IRQHandler
                0x08000f60                FLASH_IRQHandler
                0x08000f60                BusFault_Handler
                0x08000f60                USART1_IRQHandler
                0x08000f60                SPI3_IRQHandler
                0x08000f60                I2C1_ER_IRQHandler
                0x08000f60                DMA2_Channel3_IRQHandler
 *fill*         0x08000f62        0x2 
 .text.__libc_init_array
                0x08000f64       0x48 C:/ST/STM32CubeIDE_1.19.0/STM32CubeIDE/plugins/com.st.stm32cube.ide.mcu.externaltools.gnu-tools-for-stm32.13.3.rel1.win32_1.0.0.202411081344/tools/bin/../lib/gcc/arm-none-eabi/13.3.1/../../../../arm-none-eabi/lib/thumb/v7-m/nofp\libc_nano.a(libc_a-init.o)
                0x08000f64                __libc_init_array
 *(.glue_7)
 .glue_7        0x08000fac        0x0 linker stubs
 *(.glue_7t)
 .glue_7t       0x08000fac        0x0 linker stubs
 *(.eh_frame)
 .eh_frame      0x08000fac        0x0 C:/ST/STM32CubeIDE_1.19.0/STM32CubeIDE/plugins/com.st.stm32cube.ide.mcu.externaltools.gnu-tools-for-stm32.13.3.rel1.win32_1.0.0.202411081344/tools/bin/../lib/gcc/arm-none-eabi/13.3.1/thumb/v7-m/nofp/crtbegin.o
 *(.init)
 .init          0x08000fac        0x4 C:/ST/STM32CubeIDE_1.19.0/STM32CubeIDE/plugins/com.st.stm32cube.ide.mcu.externaltools.gnu-tools-for-stm32.13.3.rel1.win32_1.0.0.202411081344/tools/bin/../lib/gcc/arm-none-eabi/13.3.1/thumb/v7-m/nofp/crti.o
                0x08000fac                _init
 .init          0x08000fb0        0x8 C:/ST/STM32CubeIDE_1.19.0/STM32CubeIDE/plugins/com.st.stm32cube.ide.mcu.externaltools.gnu-tools-for-stm32.13.3.rel1.win32_1.0.0.202411081344/tools/bin/../lib/gcc/arm-none-eabi/13.3.1/thumb/v7-m/nofp/crtn.o
 *(.fini)
 .fini          0x08000fb8        0x4 C:/ST/STM32CubeIDE_1.19.0/STM32CubeIDE/plugins/com.st.stm32cube.ide.mcu.externaltools.gnu-tools-for-stm32.13.3.rel1.win32_1.0.0.202411081344/tools/bin/../lib/gcc/arm-none-eabi/13.3.1/thumb/v7-m/nofp/crti.o
                0x08000fb8                _fini
 .fini          0x08000fbc        0x8 C:/ST/STM32CubeIDE_1.19.0/STM32CubeIDE/plugins/com.st.stm32cube.ide.mcu.externaltools.gnu-tools-for-stm32.13.3.rel1.win32_1.0.0.202411081344/tools/bin/../lib/gcc/arm-none-eabi/13.3.1/thumb/v7-m/nofp/crtn.o
                0x08000fc4                        . = ALIGN (0x4)
                0x08000fc4                        _etext = .

.vfp11_veneer   0x08000fc4        0x0
 .vfp11_veneer  0x08000fc4        0x0 linker stubs

.v4_bx          0x08000fc4        0x0
 .v4_bx         0x08000fc4        0x0 linker stubs

.iplt           0x08000fc4        0x0
 .iplt          0x08000fc4        0x0 C:/ST/STM32CubeIDE_1.19.0/STM32CubeIDE/plugins/com.st.stm32cube.ide.mcu.externaltools.gnu-tools-for-stm32.13.3.rel1.win32_1.0.0.202411081344/tools/bin/../lib/gcc/arm-none-eabi/13.3.1/thumb/v7-m/nofp/crtbegin.o

.rodata         0x08000fc4        0x4
                0x08000fc4                        . = ALIGN (0x4)
 *(.rodata)
 .rodata        0x08000fc4        0x3 ./Src/main.o
 *(.rodata*)
                0x08000fc8                        . = ALIGN (0x4)
 *fill*         0x08000fc7        0x1 

.ARM.extab      0x08000fc8        0x0
                0x08000fc8                        . = ALIGN (0x4)
 *(.ARM.extab* .gnu.linkonce.armextab.*)
                0x08000fc8                        . = ALIGN (0x4)

.ARM            0x08000fc8        0x0
                0x08000fc8                        . = ALIGN (0x4)
                0x08000fc8                        __exidx_start = .
 *(.ARM.exidx*)
                0x08000fc8                        __exidx_end = .
                0x08000fc8                        . = ALIGN (0x4)

.preinit_array  0x08000fc8        0x0
                0x08000fc8                        . = ALIGN (0x4)
                0x08000fc8                        PROVIDE (__preinit_array_start = .)
 *(.preinit_array*)
                0x08000fc8                        PROVIDE (__preinit_array_end = .)
                0x08000fc8                        . = ALIGN (0x4)

.init_array     0x08000fc8        0x4
                0x08000fc8                        . = ALIGN (0x4)
                0x08000fc8                        PROVIDE (__init_array_start = .)
 *(SORT_BY_NAME(.init_array.*))
 *(.init_array*)
 .init_array    0x08000fc8        0x4 C:/ST/STM32CubeIDE_1.19.0/STM32CubeIDE/plugins/com.st.stm32cube.ide.mcu.externaltools.gnu-tools-for-stm32.13.3.rel1.win32_1.0.0.202411081344/tools/bin/../lib/gcc/arm-none-eabi/13.3.1/thumb/v7-m/nofp/crtbegin.o
                0x08000fcc                        PROVIDE (__init_array_end = .)
                0x08000fcc                        . = ALIGN (0x4)

.fini_array     0x08000fcc        0x4
                0x08000fcc                        . = ALIGN (0x4)
                [!provide]                        PROVIDE (__fini_array_start = .)
 *(SORT_BY_NAME(.fini_array.*))
 *(.fini_array*)
 .fini_array    0x08000fcc        0x4 C:/ST/STM32CubeIDE_1.19.0/STM32CubeIDE/plugins/com.st.stm32cube.ide.mcu.externaltools.gnu-tools-for-stm32.13.3.rel1.win32_1.0.0.202411081344/tools/bin/../lib/gcc/arm-none-eabi/13.3.1/thumb/v7-m/nofp/crtbegin.o
                [!provide]                        PROVIDE (__fini_array_end = .)
                0x08000fd0                        . = ALIGN (0x4)
                0x08000fd0                        _sidata = LOADADDR (.data)

.rel.dyn        0x08000fd0        0x0
 .rel.iplt      0x08000fd0        0x0 C:/ST/STM32CubeIDE_1.19.0/STM32CubeIDE/plugins/com.st.stm32cube.ide.mcu.externaltools.gnu-tools-for-stm32.13.3.rel1.win32_1.0.0.202411081344/tools/bin/../lib/gcc/arm-none-eabi/13.3.1/thumb/v7-m/nofp/crtbegin.o

.data           0x20000000        0x0 load address 0x08000fd0
                0x20000000                        . = ALIGN (0x4)
                0x20000000                        _sdata = .
 *(.data)
 *(.data*)
 *(.RamFunc)
 *(.RamFunc*)
                0x20000000                        . = ALIGN (0x4)
                0x20000000                        _edata = .

.igot.plt       0x20000000        0x0 load address 0x08000fd0
 .igot.plt      0x20000000        0x0 C:/ST/STM32CubeIDE_1.19.0/STM32CubeIDE/plugins/com.st.stm32cube.ide.mcu.externaltools.gnu-tools-for-stm32.13.3.rel1.win32_1.0.0.202411081344/tools/bin/../lib/gcc/arm-none-eabi/13.3.1/thumb/v7-m/nofp/crtbegin.o
                0x20000000                        . = ALIGN (0x4)

.bss            0x20000000       0x1c load address 0x08000fd0
                0x20000000                        _sbss = .
                0x20000000                        __bss_start__ = _sbss
 *(.bss)
 .bss           0x20000000       0x1c C:/ST/STM32CubeIDE_1.19.0/STM32CubeIDE/plugins/com.st.stm32cube.ide.mcu.externaltools.gnu-tools-for-stm32.13.3.rel1.win32_1.0.0.202411081344/tools/bin/../lib/gcc/arm-none-eabi/13.3.1/thumb/v7-m/nofp/crtbegin.o
 *(.bss*)
 *(COMMON)
                0x2000001c                        . = ALIGN (0x4)
                0x2000001c                        _ebss = .
                0x2000001c                        __bss_end__ = _ebss

._user_heap_stack
                0x2000001c      0x604 load address 0x08000fd0
                0x20000020                        . = ALIGN (0x8)
 *fill*         0x2000001c        0x4 
                [!provide]                        PROVIDE (end = .)
                0x20000020                        PROVIDE (_end = .)
                0x20000220                        . = (. + _Min_Heap_Size)
 *fill*         0x20000020      0x200 
                0x20000620                        . = (. + _Min_Stack_Size)
 *fill*         0x20000220      0x400 
                0x20000620                        . = ALIGN (0x8)

/DISCARD/
 libc.a(*)
 libm.a(*)
 libgcc.a(*)

.ARM.attributes
                0x00000000       0x29
 *(.ARM.attributes)
 .ARM.attributes
                0x00000000       0x1d C:/ST/STM32CubeIDE_1.19.0/STM32CubeIDE/plugins/com.st.stm32cube.ide.mcu.externaltools.gnu-tools-for-stm32.13.3.rel1.win32_1.0.0.202411081344/tools/bin/../lib/gcc/arm-none-eabi/13.3.1/thumb/v7-m/nofp/crti.o
 .ARM.attributes
                0x0000001d       0x2d C:/ST/STM32CubeIDE_1.19.0/STM32CubeIDE/plugins/com.st.stm32cube.ide.mcu.externaltools.gnu-tools-for-stm32.13.3.rel1.win32_1.0.0.202411081344/tools/bin/../lib/gcc/arm-none-eabi/13.3.1/thumb/v7-m/nofp/crtbegin.o
 .ARM.attributes
                0x0000004a       0x2d ./Driver/Source/ADC.o
 .ARM.attributes
                0x00000077       0x2d ./Driver/Source/GPIO.o
 .ARM.attributes
                0x000000a4       0x2d ./Driver/Source/RCC.o
 .ARM.attributes
                0x000000d1       0x2d ./Driver/Source/UART.o
 .ARM.attributes
                0x000000fe       0x2d ./Src/main.o
 .ARM.attributes
                0x0000012b       0x21 ./Startup/startup_stm32f103c8tx.o
 .ARM.attributes
                0x0000014c       0x2d C:/ST/STM32CubeIDE_1.19.0/STM32CubeIDE/plugins/com.st.stm32cube.ide.mcu.externaltools.gnu-tools-for-stm32.13.3.rel1.win32_1.0.0.202411081344/tools/bin/../lib/gcc/arm-none-eabi/13.3.1/../../../../arm-none-eabi/lib/thumb/v7-m/nofp\libc_nano.a(libc_a-init.o)
 .ARM.attributes
                0x00000179       0x1d C:/ST/STM32CubeIDE_1.19.0/STM32CubeIDE/plugins/com.st.stm32cube.ide.mcu.externaltools.gnu-tools-for-stm32.13.3.rel1.win32_1.0.0.202411081344/tools/bin/../lib/gcc/arm-none-eabi/13.3.1/thumb/v7-m/nofp\libgcc.a(_arm_mulsf3.o)
 .ARM.attributes
                0x00000196       0x1d C:/ST/STM32CubeIDE_1.19.0/STM32CubeIDE/plugins/com.st.stm32cube.ide.mcu.externaltools.gnu-tools-for-stm32.13.3.rel1.win32_1.0.0.202411081344/tools/bin/../lib/gcc/arm-none-eabi/13.3.1/thumb/v7-m/nofp\libgcc.a(_arm_addsubsf3.o)
 .ARM.attributes
                0x000001b3       0x1d C:/ST/STM32CubeIDE_1.19.0/STM32CubeIDE/plugins/com.st.stm32cube.ide.mcu.externaltools.gnu-tools-for-stm32.13.3.rel1.win32_1.0.0.202411081344/tools/bin/../lib/gcc/arm-none-eabi/13.3.1/thumb/v7-m/nofp\libgcc.a(_arm_fixunssfsi.o)
 .ARM.attributes
                0x000001d0       0x1d C:/ST/STM32CubeIDE_1.19.0/STM32CubeIDE/plugins/com.st.stm32cube.ide.mcu.externaltools.gnu-tools-for-stm32.13.3.rel1.win32_1.0.0.202411081344/tools/bin/../lib/gcc/arm-none-eabi/13.3.1/thumb/v7-m/nofp/crtn.o
OUTPUT(ADC.elf elf32-littlearm)
LOAD linker stubs
LOAD C:/ST/STM32CubeIDE_1.19.0/STM32CubeIDE/plugins/com.st.stm32cube.ide.mcu.externaltools.gnu-tools-for-stm32.13.3.rel1.win32_1.0.0.202411081344/tools/bin/../lib/gcc/arm-none-eabi/13.3.1/../../../../arm-none-eabi/lib/thumb/v7-m/nofp\libc.a
LOAD C:/ST/STM32CubeIDE_1.19.0/STM32CubeIDE/plugins/com.st.stm32cube.ide.mcu.externaltools.gnu-tools-for-stm32.13.3.rel1.win32_1.0.0.202411081344/tools/bin/../lib/gcc/arm-none-eabi/13.3.1/../../../../arm-none-eabi/lib/thumb/v7-m/nofp\libm.a
LOAD C:/ST/STM32CubeIDE_1.19.0/STM32CubeIDE/plugins/com.st.stm32cube.ide.mcu.externaltools.gnu-tools-for-stm32.13.3.rel1.win32_1.0.0.202411081344/tools/bin/../lib/gcc/arm-none-eabi/13.3.1/thumb/v7-m/nofp\libgcc.a

.debug_info     0x00000000      0xe15
 .debug_info    0x00000000      0x28a ./Driver/Source/ADC.o
 .debug_info    0x0000028a      0x251 ./Driver/Source/GPIO.o
 .debug_info    0x000004db      0x120 ./Driver/Source/RCC.o
 .debug_info    0x000005fb      0x3de ./Driver/Source/UART.o
 .debug_info    0x000009d9      0x40c ./Src/main.o
 .debug_info    0x00000de5       0x30 ./Startup/startup_stm32f103c8tx.o

.debug_abbrev   0x00000000      0x4c3
 .debug_abbrev  0x00000000       0xfb ./Driver/Source/ADC.o
 .debug_abbrev  0x000000fb       0xdc ./Driver/Source/GPIO.o
 .debug_abbrev  0x000001d7       0x81 ./Driver/Source/RCC.o
 .debug_abbrev  0x00000258      0x14f ./Driver/Source/UART.o
 .debug_abbrev  0x000003a7       0xf8 ./Src/main.o
 .debug_abbrev  0x0000049f       0x24 ./Startup/startup_stm32f103c8tx.o

.debug_aranges  0x00000000      0x110
 .debug_aranges
                0x00000000       0x30 ./Driver/Source/ADC.o
 .debug_aranges
                0x00000030       0x30 ./Driver/Source/GPIO.o
 .debug_aranges
                0x00000060       0x20 ./Driver/Source/RCC.o
 .debug_aranges
                0x00000080       0x48 ./Driver/Source/UART.o
 .debug_aranges
                0x000000c8       0x20 ./Src/main.o
 .debug_aranges
                0x000000e8       0x28 ./Startup/startup_stm32f103c8tx.o

.debug_rnglists
                0x00000000       0xb8
 .debug_rnglists
                0x00000000       0x22 ./Driver/Source/ADC.o
 .debug_rnglists
                0x00000022       0x22 ./Driver/Source/GPIO.o
 .debug_rnglists
                0x00000044       0x14 ./Driver/Source/RCC.o
 .debug_rnglists
                0x00000058       0x33 ./Driver/Source/UART.o
 .debug_rnglists
                0x0000008b       0x14 ./Src/main.o
 .debug_rnglists
                0x0000009f       0x19 ./Startup/startup_stm32f103c8tx.o

.debug_macro    0x00000000     0x16bb
 .debug_macro   0x00000000       0x72 ./Driver/Source/ADC.o
 .debug_macro   0x00000072      0xad2 ./Driver/Source/ADC.o
 .debug_macro   0x00000b44       0x22 ./Driver/Source/ADC.o
 .debug_macro   0x00000b66       0x8e ./Driver/Source/ADC.o
 .debug_macro   0x00000bf4       0x51 ./Driver/Source/ADC.o
 .debug_macro   0x00000c45      0x103 ./Driver/Source/ADC.o
 .debug_macro   0x00000d48       0x6a ./Driver/Source/ADC.o
 .debug_macro   0x00000db2      0x1df ./Driver/Source/ADC.o
 .debug_macro   0x00000f91      0x178 ./Driver/Source/ADC.o
 .debug_macro   0x00001109       0x72 ./Driver/Source/GPIO.o
 .debug_macro   0x0000117b       0x94 ./Driver/Source/GPIO.o
 .debug_macro   0x0000120f       0x72 ./Driver/Source/RCC.o
 .debug_macro   0x00001281       0x52 ./Driver/Source/RCC.o
 .debug_macro   0x000012d3       0x7b ./Driver/Source/UART.o
 .debug_macro   0x0000134e       0x9a ./Driver/Source/UART.o
 .debug_macro   0x000013e8       0xbe ./Driver/Source/UART.o
 .debug_macro   0x000014a6       0x97 ./Src/main.o
 .debug_macro   0x0000153d      0x17e ./Src/main.o

.debug_line     0x00000000     0x1c19
 .debug_line    0x00000000      0x684 ./Driver/Source/ADC.o
 .debug_line    0x00000684      0x59d ./Driver/Source/GPIO.o
 .debug_line    0x00000c21      0x4d4 ./Driver/Source/RCC.o
 .debug_line    0x000010f5      0x630 ./Driver/Source/UART.o
 .debug_line    0x00001725      0x479 ./Src/main.o
 .debug_line    0x00001b9e       0x7b ./Startup/startup_stm32f103c8tx.o

.debug_str      0x00000000     0x5b23
 .debug_str     0x00000000     0x5b23 ./Driver/Source/ADC.o
                               0x4aab (size before relaxing)
 .debug_str     0x00005b23     0x43fc ./Driver/Source/GPIO.o
 .debug_str     0x00005b23     0x40dc ./Driver/Source/RCC.o
 .debug_str     0x00005b23     0x4ad6 ./Driver/Source/UART.o
 .debug_str     0x00005b23     0x5aa2 ./Src/main.o
 .debug_str     0x00005b23       0x66 ./Startup/startup_stm32f103c8tx.o

.comment        0x00000000       0x43
 .comment       0x00000000       0x43 ./Driver/Source/ADC.o
                                 0x44 (size before relaxing)
 .comment       0x00000043       0x44 ./Driver/Source/GPIO.o
 .comment       0x00000043       0x44 ./Driver/Source/RCC.o
 .comment       0x00000043       0x44 ./Driver/Source/UART.o
 .comment       0x00000043       0x44 ./Src/main.o

.debug_frame    0x00000000      0x330
 .debug_frame   0x00000000       0x8c ./Driver/Source/ADC.o
 .debug_frame   0x0000008c       0x8c ./Driver/Source/GPIO.o
 .debug_frame   0x00000118       0x38 ./Driver/Source/RCC.o
 .debug_frame   0x00000150       0xf0 ./Driver/Source/UART.o
 .debug_frame   0x00000240       0x30 ./Src/main.o
 .debug_frame   0x00000270       0x2c C:/ST/STM32CubeIDE_1.19.0/STM32CubeIDE/plugins/com.st.stm32cube.ide.mcu.externaltools.gnu-tools-for-stm32.13.3.rel1.win32_1.0.0.202411081344/tools/bin/../lib/gcc/arm-none-eabi/13.3.1/../../../../arm-none-eabi/lib/thumb/v7-m/nofp\libc_nano.a(libc_a-init.o)
 .debug_frame   0x0000029c       0x24 C:/ST/STM32CubeIDE_1.19.0/STM32CubeIDE/plugins/com.st.stm32cube.ide.mcu.externaltools.gnu-tools-for-stm32.13.3.rel1.win32_1.0.0.202411081344/tools/bin/../lib/gcc/arm-none-eabi/13.3.1/thumb/v7-m/nofp\libgcc.a(_arm_mulsf3.o)
 .debug_frame   0x000002c0       0x4c C:/ST/STM32CubeIDE_1.19.0/STM32CubeIDE/plugins/com.st.stm32cube.ide.mcu.externaltools.gnu-tools-for-stm32.13.3.rel1.win32_1.0.0.202411081344/tools/bin/../lib/gcc/arm-none-eabi/13.3.1/thumb/v7-m/nofp\libgcc.a(_arm_addsubsf3.o)
 .debug_frame   0x0000030c       0x24 C:/ST/STM32CubeIDE_1.19.0/STM32CubeIDE/plugins/com.st.stm32cube.ide.mcu.externaltools.gnu-tools-for-stm32.13.3.rel1.win32_1.0.0.202411081344/tools/bin/../lib/gcc/arm-none-eabi/13.3.1/thumb/v7-m/nofp\libgcc.a(_arm_fixunssfsi.o)

.debug_line_str
                0x00000000       0x4a
 .debug_line_str
                0x00000000       0x4a ./Startup/startup_stm32f103c8tx.o
