19:16:04 **** Build of configuration Debug for project UART ****
make -j12 all 
arm-none-eabi-gcc -mcpu=cortex-m3 -g3 -DDEBUG -c -x assembler-with-cpp -MMD -MP -MF"Startup/startup_stm32f103c8tx.d" -MT"Startup/startup_stm32f103c8tx.o" --specs=nano.specs -mfloat-abi=soft -mthumb -o "Startup/startup_stm32f103c8tx.o" "../Startup/startup_stm32f103c8tx.s"
arm-none-eabi-gcc "../Src/main.c" -mcpu=cortex-m3 -std=gnu11 -g3 -DDEBUG -DSTM32 -DSTM32F1 -DSTM32F103C8Tx -c -I../Inc -I"D:/ML&IoT Lab/STM32/Driver/Include" -O0 -ffunction-sections -fdata-sections -Wall -fstack-usage -fcyclomatic-complexity -MMD -MP -MF"Src/main.d" -MT"Src/main.o" --specs=nano.specs -mfloat-abi=soft -mthumb -o "Src/main.o"
arm-none-eabi-gcc "../Src/syscalls.c" -mcpu=cortex-m3 -std=gnu11 -g3 -DDEBUG -DSTM32 -DSTM32F1 -DSTM32F103C8Tx -c -I../Inc -I"D:/ML&IoT Lab/STM32/Driver/Include" -O0 -ffunction-sections -fdata-sections -Wall -fstack-usage -fcyclomatic-complexity -MMD -MP -MF"Src/syscalls.d" -MT"Src/syscalls.o" --specs=nano.specs -mfloat-abi=soft -mthumb -o "Src/syscalls.o"
arm-none-eabi-gcc "../Src/sysmem.c" -mcpu=cortex-m3 -std=gnu11 -g3 -DDEBUG -DSTM32 -DSTM32F1 -DSTM32F103C8Tx -c -I../Inc -I"D:/ML&IoT Lab/STM32/Driver/Include" -O0 -ffunction-sections -fdata-sections -Wall -fstack-usage -fcyclomatic-complexity -MMD -MP -MF"Src/sysmem.d" -MT"Src/sysmem.o" --specs=nano.specs -mfloat-abi=soft -mthumb -o "Src/sysmem.o"
arm-none-eabi-gcc "D:/ML&IoT Lab/STM32/Driver/Source/GPIO.c" -mcpu=cortex-m3 -std=gnu11 -g3 -DDEBUG -DSTM32 -DSTM32F1 -DSTM32F103C8Tx -c -I../Inc -I"D:/ML&IoT Lab/STM32/Driver/Include" -O0 -ffunction-sections -fdata-sections -Wall -fstack-usage -fcyclomatic-complexity -MMD -MP -MF"Driver/Source/GPIO.d" -MT"Driver/Source/GPIO.o" --specs=nano.specs -mfloat-abi=soft -mthumb -o "Driver/Source/GPIO.o"
arm-none-eabi-gcc "D:/ML&IoT Lab/STM32/Driver/Source/RCC.c" -mcpu=cortex-m3 -std=gnu11 -g3 -DDEBUG -DSTM32 -DSTM32F1 -DSTM32F103C8Tx -c -I../Inc -I"D:/ML&IoT Lab/STM32/Driver/Include" -O0 -ffunction-sections -fdata-sections -Wall -fstack-usage -fcyclomatic-complexity -MMD -MP -MF"Driver/Source/RCC.d" -MT"Driver/Source/RCC.o" --specs=nano.specs -mfloat-abi=soft -mthumb -o "Driver/Source/RCC.o"
arm-none-eabi-gcc "D:/ML&IoT Lab/STM32/Driver/Source/UART.c" -mcpu=cortex-m3 -std=gnu11 -g3 -DDEBUG -DSTM32 -DSTM32F1 -DSTM32F103C8Tx -c -I../Inc -I"D:/ML&IoT Lab/STM32/Driver/Include" -O0 -ffunction-sections -fdata-sections -Wall -fstack-usage -fcyclomatic-complexity -MMD -MP -MF"Driver/Source/UART.d" -MT"Driver/Source/UART.o" --specs=nano.specs -mfloat-abi=soft -mthumb -o "Driver/Source/UART.o"
arm-none-eabi-gcc -o "UART.elf" @"objects.list"   -mcpu=cortex-m3 -T"D:\ML&IoT Lab\Bare_metal\UART\UART\STM32F103C8TX_FLASH.ld" --specs=nosys.specs -Wl,-Map="UART.map" -Wl,--gc-sections -static --specs=nano.specs -mfloat-abi=soft -mthumb -Wl,--start-group -lc -lm -Wl,--end-group
Finished building target: UART.elf
 
arm-none-eabi-size  UART.elf 
arm-none-eabi-objdump -h -S UART.elf  > "UART.list"
   text	   data	    bss	    dec	    hex	filename
   2820	      0	   1568	   4388	   1124	UART.elf
Finished building: default.size.stdout
 
Finished building: UART.list
 

19:16:05 Build Finished. 0 errors, 0 warnings. (took 946ms)

